repeat  t_sim  n_part  n_coag  n_emit n_dil_in n_dil_out   n_nuc t_wall  t_rem
     1     0s    7500       0       0        0         0       0     0s     0s
repeat  t_sim  n_part  n_coag  n_emit n_dil_in n_dil_out   n_nuc t_wall  t_rem
     1    60s    7472    1806       0        0         0       0     0s    10s
repeat  t_sim  n_part  n_coag  n_emit n_dil_in n_dil_out   n_nuc t_wall  t_rem
     1   120s    7455     873       0        0         0       0     0s     9s
repeat  t_sim  n_part  n_coag  n_emit n_dil_in n_dil_out   n_nuc t_wall  t_rem
     1   180s    7439     503       0        0         0       0     1s    11s
repeat  t_sim  n_part  n_coag  n_emit n_dil_in n_dil_out   n_nuc t_wall  t_rem
     1   240s    7422     353       0        0         0       0     1s    11s
repeat  t_sim  n_part  n_coag  n_emit n_dil_in n_dil_out   n_nuc t_wall  t_rem
     1   300s    7414     316       0        0         0       0     1s    12s
repeat  t_sim  n_part  n_coag  n_emit n_dil_in n_dil_out   n_nuc t_wall  t_rem
     1   360s    7407     256       0        0         0       0     1s    11s
repeat  t_sim  n_part  n_coag  n_emit n_dil_in n_dil_out   n_nuc t_wall  t_rem
     1   420s    7395     272       0        0         0       0     1s    11s
repeat  t_sim  n_part  n_coag  n_emit n_dil_in n_dil_out   n_nuc t_wall  t_rem
     1   480s    7382     230       0        0         0       0     2s    11s
repeat  t_sim  n_part  n_coag  n_emit n_dil_in n_dil_out   n_nuc t_wall  t_rem
     1   540s    7365     239       0        0         0       0     2s    10s
repeat  t_sim  n_part  n_coag  n_emit n_dil_in n_dil_out   n_nuc t_wall  t_rem
     1   600s    7345     241       0        0         0       0     2s    10s
repeat  t_sim  n_part  n_coag  n_emit n_dil_in n_dil_out   n_nuc t_wall  t_rem
     1   660s    7330     248       0        0         0       0     2s    10s
repeat  t_sim  n_part  n_coag  n_emit n_dil_in n_dil_out   n_nuc t_wall  t_rem
     1   720s    7316     242       0        0         0       0     2s     9s
repeat  t_sim  n_part  n_coag  n_emit n_dil_in n_dil_out   n_nuc t_wall  t_rem
     1   780s    7304     211       0        0         0       0     2s     9s
repeat  t_sim  n_part  n_coag  n_emit n_dil_in n_dil_out   n_nuc t_wall  t_rem
     1   840s    7300     225       0        0         0       0     3s    10s
repeat  t_sim  n_part  n_coag  n_emit n_dil_in n_dil_out   n_nuc t_wall  t_rem
     1   900s    7292     218       0        0         0       0     3s    10s
repeat  t_sim  n_part  n_coag  n_emit n_dil_in n_dil_out   n_nuc t_wall  t_rem
     1   960s    7283     212       0        0         0       0     3s     9s
repeat  t_sim  n_part  n_coag  n_emit n_dil_in n_dil_out   n_nuc t_wall  t_rem
     1  1020s    7271     198       0        0         0       0     4s     9s
repeat  t_sim  n_part  n_coag  n_emit n_dil_in n_dil_out   n_nuc t_wall  t_rem
     1  1080s    7260     235       0        0         0       0     4s     9s
repeat  t_sim  n_part  n_coag  n_emit n_dil_in n_dil_out   n_nuc t_wall  t_rem
     1  1140s    7251     221       0        0         0       0     4s     9s
repeat  t_sim  n_part  n_coag  n_emit n_dil_in n_dil_out   n_nuc t_wall  t_rem
     1  1200s    7236     246       0        0         0       0     4s     9s
repeat  t_sim  n_part  n_coag  n_emit n_dil_in n_dil_out   n_nuc t_wall  t_rem
     1  1260s    7227     210       0        0         0       0     5s     8s
repeat  t_sim  n_part  n_coag  n_emit n_dil_in n_dil_out   n_nuc t_wall  t_rem
     1  1320s    7213     217       0        0         0       0     5s     8s
repeat  t_sim  n_part  n_coag  n_emit n_dil_in n_dil_out   n_nuc t_wall  t_rem
     1  1380s    7207     181       0        0         0       0     5s     8s
repeat  t_sim  n_part  n_coag  n_emit n_dil_in n_dil_out   n_nuc t_wall  t_rem
     1  1440s    7193     212       0        0         0       0     5s     8s
repeat  t_sim  n_part  n_coag  n_emit n_dil_in n_dil_out   n_nuc t_wall  t_rem
     1  1500s    7182     199       0        0         0       0     6s     9s
repeat  t_sim  n_part  n_coag  n_emit n_dil_in n_dil_out   n_nuc t_wall  t_rem
     1  1560s    7169     210       0        0         0       0     6s     8s
repeat  t_sim  n_part  n_coag  n_emit n_dil_in n_dil_out   n_nuc t_wall  t_rem
     1  1620s    7158     227       0        0         0       0     6s     8s
repeat  t_sim  n_part  n_coag  n_emit n_dil_in n_dil_out   n_nuc t_wall  t_rem
     1  1680s    7153     204       0        0         0       0     7s     8s
repeat  t_sim  n_part  n_coag  n_emit n_dil_in n_dil_out   n_nuc t_wall  t_rem
     1  1740s    7142     229       0        0         0       0     7s     7s
repeat  t_sim  n_part  n_coag  n_emit n_dil_in n_dil_out   n_nuc t_wall  t_rem
     1  1800s    7135     223       0        0         0       0     7s     7s
repeat  t_sim  n_part  n_coag  n_emit n_dil_in n_dil_out   n_nuc t_wall  t_rem
     1  1860s    7125     223       0        0         0       0     7s     7s
repeat  t_sim  n_part  n_coag  n_emit n_dil_in n_dil_out   n_nuc t_wall  t_rem
     1  1920s    7111     204       0        0         0       0     7s     6s
repeat  t_sim  n_part  n_coag  n_emit n_dil_in n_dil_out   n_nuc t_wall  t_rem
     1  1980s    7106     188       0        0         0       0     7s     6s
repeat  t_sim  n_part  n_coag  n_emit n_dil_in n_dil_out   n_nuc t_wall  t_rem
     1  2040s    7099     227       0        0         0       0     8s     6s
repeat  t_sim  n_part  n_coag  n_emit n_dil_in n_dil_out   n_nuc t_wall  t_rem
     1  2100s    7093     202       0        0         0       0     8s     6s
repeat  t_sim  n_part  n_coag  n_emit n_dil_in n_dil_out   n_nuc t_wall  t_rem
     1  2160s    7079     216       0        0         0       0     8s     6s
repeat  t_sim  n_part  n_coag  n_emit n_dil_in n_dil_out   n_nuc t_wall  t_rem
     1  2220s    7073     219       0        0         0       0     8s     5s
repeat  t_sim  n_part  n_coag  n_emit n_dil_in n_dil_out   n_nuc t_wall  t_rem
     1  2280s    7061     193       0        0         0       0     9s     5s
repeat  t_sim  n_part  n_coag  n_emit n_dil_in n_dil_out   n_nuc t_wall  t_rem
     1  2340s    7046     208       0        0         0       0     9s     5s
repeat  t_sim  n_part  n_coag  n_emit n_dil_in n_dil_out   n_nuc t_wall  t_rem
     1  2400s    7036     202       0        0         0       0     9s     4s
repeat  t_sim  n_part  n_coag  n_emit n_dil_in n_dil_out   n_nuc t_wall  t_rem
     1  2460s    7029     205       0        0         0       0     9s     4s
repeat  t_sim  n_part  n_coag  n_emit n_dil_in n_dil_out   n_nuc t_wall  t_rem
     1  2520s    7021     204       0        0         0       0     9s     4s
repeat  t_sim  n_part  n_coag  n_emit n_dil_in n_dil_out   n_nuc t_wall  t_rem
     1  2580s    7013     174       0        0         0       0     9s     4s
repeat  t_sim  n_part  n_coag  n_emit n_dil_in n_dil_out   n_nuc t_wall  t_rem
     1  2640s    7004     194       0        0         0       0     9s     3s
repeat  t_sim  n_part  n_coag  n_emit n_dil_in n_dil_out   n_nuc t_wall  t_rem
     1  2700s    6998     181       0        0         0       0    10s     3s
repeat  t_sim  n_part  n_coag  n_emit n_dil_in n_dil_out   n_nuc t_wall  t_rem
     1  2760s    6990     189       0        0         0       0    10s     3s
repeat  t_sim  n_part  n_coag  n_emit n_dil_in n_dil_out   n_nuc t_wall  t_rem
     1  2820s    6983     193       0        0         0       0    10s     3s
repeat  t_sim  n_part  n_coag  n_emit n_dil_in n_dil_out   n_nuc t_wall  t_rem
     1  2880s    6974     232       0        0         0       0    10s     2s
repeat  t_sim  n_part  n_coag  n_emit n_dil_in n_dil_out   n_nuc t_wall  t_rem
     1  2940s    6963     207       0        0         0       0    10s     2s
repeat  t_sim  n_part  n_coag  n_emit n_dil_in n_dil_out   n_nuc t_wall  t_rem
     1  3000s    6953     200       0        0         0       0    10s     2s
repeat  t_sim  n_part  n_coag  n_emit n_dil_in n_dil_out   n_nuc t_wall  t_rem
     1  3060s    6944     195       0        0         0       0    11s     2s
repeat  t_sim  n_part  n_coag  n_emit n_dil_in n_dil_out   n_nuc t_wall  t_rem
     1  3120s    6939     184       0        0         0       0    11s     2s
repeat  t_sim  n_part  n_coag  n_emit n_dil_in n_dil_out   n_nuc t_wall  t_rem
     1  3180s    6933     207       0        0         0       0    11s     1s
repeat  t_sim  n_part  n_coag  n_emit n_dil_in n_dil_out   n_nuc t_wall  t_rem
     1  3240s    6928     178       0        0         0       0    11s     1s
repeat  t_sim  n_part  n_coag  n_emit n_dil_in n_dil_out   n_nuc t_wall  t_rem
     1  3300s    6923     165       0        0         0       0    11s     1s
repeat  t_sim  n_part  n_coag  n_emit n_dil_in n_dil_out   n_nuc t_wall  t_rem
     1  3360s    6918     189       0        0         0       0    12s     1s
repeat  t_sim  n_part  n_coag  n_emit n_dil_in n_dil_out   n_nuc t_wall  t_rem
     1  3420s    6911     202       0        0         0       0    12s     1s
repeat  t_sim  n_part  n_coag  n_emit n_dil_in n_dil_out   n_nuc t_wall  t_rem
     1  3480s    6899     183       0        0         0       0    12s     0s
repeat  t_sim  n_part  n_coag  n_emit n_dil_in n_dil_out   n_nuc t_wall  t_rem
     1  3540s    6894     166       0        0         0       0    12s     0s
repeat  t_sim  n_part  n_coag  n_emit n_dil_in n_dil_out   n_nuc t_wall  t_rem
     1  3600s    6886     187       0        0         0       0    13s     0s
