repeat  t_sim  n_part  n_coag  n_emit n_dil_in n_dil_out   n_nuc t_wall  t_rem
     1     0s    7500       0       0        0         0       0     0s     0s
repeat  t_sim  n_part  n_coag  n_emit n_dil_in n_dil_out   n_nuc t_wall  t_rem
     1    60s    7473    1785       0        0         0       0     0s     7s
repeat  t_sim  n_part  n_coag  n_emit n_dil_in n_dil_out   n_nuc t_wall  t_rem
     1   120s    7450    1421       0        0         0       0     0s     7s
repeat  t_sim  n_part  n_coag  n_emit n_dil_in n_dil_out   n_nuc t_wall  t_rem
     1   180s    7440    1263       0        0         0       0     0s     6s
repeat  t_sim  n_part  n_coag  n_emit n_dil_in n_dil_out   n_nuc t_wall  t_rem
     1   240s    7422    1117       0        0         0       0     0s     5s
repeat  t_sim  n_part  n_coag  n_emit n_dil_in n_dil_out   n_nuc t_wall  t_rem
     1   300s    7408     973       0        0         0       0     0s     5s
repeat  t_sim  n_part  n_coag  n_emit n_dil_in n_dil_out   n_nuc t_wall  t_rem
     1   360s    7398     835       0        0         0       0     1s     7s
repeat  t_sim  n_part  n_coag  n_emit n_dil_in n_dil_out   n_nuc t_wall  t_rem
     1   420s    7377     808       0        0         0       0     1s     7s
repeat  t_sim  n_part  n_coag  n_emit n_dil_in n_dil_out   n_nuc t_wall  t_rem
     1   480s    7361     757       0        0         0       0     1s     9s
repeat  t_sim  n_part  n_coag  n_emit n_dil_in n_dil_out   n_nuc t_wall  t_rem
     1   540s    7340     741       0        0         0       0     1s     8s
repeat  t_sim  n_part  n_coag  n_emit n_dil_in n_dil_out   n_nuc t_wall  t_rem
     1   600s    7324     696       0        0         0       0     2s     8s
repeat  t_sim  n_part  n_coag  n_emit n_dil_in n_dil_out   n_nuc t_wall  t_rem
     1   660s    7311     728       0        0         0       0     2s     8s
repeat  t_sim  n_part  n_coag  n_emit n_dil_in n_dil_out   n_nuc t_wall  t_rem
     1   720s    7296     713       0        0         0       0     2s     8s
repeat  t_sim  n_part  n_coag  n_emit n_dil_in n_dil_out   n_nuc t_wall  t_rem
     1   780s    7276     710       0        0         0       0     2s     9s
repeat  t_sim  n_part  n_coag  n_emit n_dil_in n_dil_out   n_nuc t_wall  t_rem
     1   840s    7265     703       0        0         0       0     3s     9s
repeat  t_sim  n_part  n_coag  n_emit n_dil_in n_dil_out   n_nuc t_wall  t_rem
     1   900s    7250     649       0        0         0       0     3s     8s
repeat  t_sim  n_part  n_coag  n_emit n_dil_in n_dil_out   n_nuc t_wall  t_rem
     1   960s    7225     701       0        0         0       0     3s     9s
repeat  t_sim  n_part  n_coag  n_emit n_dil_in n_dil_out   n_nuc t_wall  t_rem
     1  1020s    7212     668       0        0         0       0     3s     9s
repeat  t_sim  n_part  n_coag  n_emit n_dil_in n_dil_out   n_nuc t_wall  t_rem
     1  1080s    7207     641       0        0         0       0     4s     9s
repeat  t_sim  n_part  n_coag  n_emit n_dil_in n_dil_out   n_nuc t_wall  t_rem
     1  1140s    7191     635       0        0         0       0     4s     9s
repeat  t_sim  n_part  n_coag  n_emit n_dil_in n_dil_out   n_nuc t_wall  t_rem
     1  1200s    7173     653       0        0         0       0     4s     8s
repeat  t_sim  n_part  n_coag  n_emit n_dil_in n_dil_out   n_nuc t_wall  t_rem
     1  1260s    7164     578       0        0         0       0     4s     8s
repeat  t_sim  n_part  n_coag  n_emit n_dil_in n_dil_out   n_nuc t_wall  t_rem
     1  1320s    7154     627       0        0         0       0     5s     8s
repeat  t_sim  n_part  n_coag  n_emit n_dil_in n_dil_out   n_nuc t_wall  t_rem
     1  1380s    7144     611       0        0         0       0     5s     7s
repeat  t_sim  n_part  n_coag  n_emit n_dil_in n_dil_out   n_nuc t_wall  t_rem
     1  1440s    7134     622       0        0         0       0     5s     7s
repeat  t_sim  n_part  n_coag  n_emit n_dil_in n_dil_out   n_nuc t_wall  t_rem
     1  1500s    7123     579       0        0         0       0     5s     7s
repeat  t_sim  n_part  n_coag  n_emit n_dil_in n_dil_out   n_nuc t_wall  t_rem
     1  1560s    7116     607       0        0         0       0     5s     7s
repeat  t_sim  n_part  n_coag  n_emit n_dil_in n_dil_out   n_nuc t_wall  t_rem
     1  1620s    7104     639       0        0         0       0     6s     7s
repeat  t_sim  n_part  n_coag  n_emit n_dil_in n_dil_out   n_nuc t_wall  t_rem
     1  1680s    7097     585       0        0         0       0     6s     7s
repeat  t_sim  n_part  n_coag  n_emit n_dil_in n_dil_out   n_nuc t_wall  t_rem
     1  1740s    7084     621       0        0         0       0     6s     6s
repeat  t_sim  n_part  n_coag  n_emit n_dil_in n_dil_out   n_nuc t_wall  t_rem
     1  1800s    7075     558       0        0         0       0     6s     6s
repeat  t_sim  n_part  n_coag  n_emit n_dil_in n_dil_out   n_nuc t_wall  t_rem
     1  1860s    7062     627       0        0         0       0     6s     6s
repeat  t_sim  n_part  n_coag  n_emit n_dil_in n_dil_out   n_nuc t_wall  t_rem
     1  1920s    7045     618       0        0         0       0     7s     6s
repeat  t_sim  n_part  n_coag  n_emit n_dil_in n_dil_out   n_nuc t_wall  t_rem
     1  1980s    7031     614       0        0         0       0     7s     6s
repeat  t_sim  n_part  n_coag  n_emit n_dil_in n_dil_out   n_nuc t_wall  t_rem
     1  2040s    7020     595       0        0         0       0     7s     5s
repeat  t_sim  n_part  n_coag  n_emit n_dil_in n_dil_out   n_nuc t_wall  t_rem
     1  2100s    7007     575       0        0         0       0     7s     5s
repeat  t_sim  n_part  n_coag  n_emit n_dil_in n_dil_out   n_nuc t_wall  t_rem
     1  2160s    6999     593       0        0         0       0     8s     5s
repeat  t_sim  n_part  n_coag  n_emit n_dil_in n_dil_out   n_nuc t_wall  t_rem
     1  2220s    6994     556       0        0         0       0     8s     5s
repeat  t_sim  n_part  n_coag  n_emit n_dil_in n_dil_out   n_nuc t_wall  t_rem
     1  2280s    6986     568       0        0         0       0     8s     5s
repeat  t_sim  n_part  n_coag  n_emit n_dil_in n_dil_out   n_nuc t_wall  t_rem
     1  2340s    6979     562       0        0         0       0     8s     4s
repeat  t_sim  n_part  n_coag  n_emit n_dil_in n_dil_out   n_nuc t_wall  t_rem
     1  2400s    6970     561       0        0         0       0     8s     4s
repeat  t_sim  n_part  n_coag  n_emit n_dil_in n_dil_out   n_nuc t_wall  t_rem
     1  2460s    6959     536       0        0         0       0     9s     4s
repeat  t_sim  n_part  n_coag  n_emit n_dil_in n_dil_out   n_nuc t_wall  t_rem
     1  2520s    6947     533       0        0         0       0     9s     4s
repeat  t_sim  n_part  n_coag  n_emit n_dil_in n_dil_out   n_nuc t_wall  t_rem
     1  2580s    6941     514       0        0         0       0     9s     4s
repeat  t_sim  n_part  n_coag  n_emit n_dil_in n_dil_out   n_nuc t_wall  t_rem
     1  2640s    6927     555       0        0         0       0     9s     3s
repeat  t_sim  n_part  n_coag  n_emit n_dil_in n_dil_out   n_nuc t_wall  t_rem
     1  2700s    6917     525       0        0         0       0    10s     3s
repeat  t_sim  n_part  n_coag  n_emit n_dil_in n_dil_out   n_nuc t_wall  t_rem
     1  2760s    6902     546       0        0         0       0    10s     3s
repeat  t_sim  n_part  n_coag  n_emit n_dil_in n_dil_out   n_nuc t_wall  t_rem
     1  2820s    6892     524       0        0         0       0    10s     3s
repeat  t_sim  n_part  n_coag  n_emit n_dil_in n_dil_out   n_nuc t_wall  t_rem
     1  2880s    6879     539       0        0         0       0    10s     3s
repeat  t_sim  n_part  n_coag  n_emit n_dil_in n_dil_out   n_nuc t_wall  t_rem
     1  2940s    6869     541       0        0         0       0    10s     2s
repeat  t_sim  n_part  n_coag  n_emit n_dil_in n_dil_out   n_nuc t_wall  t_rem
     1  3000s    6861     519       0        0         0       0    10s     2s
repeat  t_sim  n_part  n_coag  n_emit n_dil_in n_dil_out   n_nuc t_wall  t_rem
     1  3060s    6852     533       0        0         0       0    11s     2s
repeat  t_sim  n_part  n_coag  n_emit n_dil_in n_dil_out   n_nuc t_wall  t_rem
     1  3120s    6843     565       0        0         0       0    11s     2s
repeat  t_sim  n_part  n_coag  n_emit n_dil_in n_dil_out   n_nuc t_wall  t_rem
     1  3180s    6834     466       0        0         0       0    11s     1s
repeat  t_sim  n_part  n_coag  n_emit n_dil_in n_dil_out   n_nuc t_wall  t_rem
     1  3240s    6828     517       0        0         0       0    11s     1s
repeat  t_sim  n_part  n_coag  n_emit n_dil_in n_dil_out   n_nuc t_wall  t_rem
     1  3300s    6816     509       0        0         0       0    11s     1s
repeat  t_sim  n_part  n_coag  n_emit n_dil_in n_dil_out   n_nuc t_wall  t_rem
     1  3360s    6801     483       0        0         0       0    11s     1s
repeat  t_sim  n_part  n_coag  n_emit n_dil_in n_dil_out   n_nuc t_wall  t_rem
     1  3420s    6787     520       0        0         0       0    12s     1s
repeat  t_sim  n_part  n_coag  n_emit n_dil_in n_dil_out   n_nuc t_wall  t_rem
     1  3480s    6773     495       0        0         0       0    12s     0s
repeat  t_sim  n_part  n_coag  n_emit n_dil_in n_dil_out   n_nuc t_wall  t_rem
     1  3540s    6769     492       0        0         0       0    12s     0s
repeat  t_sim  n_part  n_coag  n_emit n_dil_in n_dil_out   n_nuc t_wall  t_rem
     1  3600s    6761     486       0        0         0       0    12s     0s
