repeat  t_sim  n_part  n_coag  n_emit n_dil_in n_dil_out   n_nuc t_wall  t_rem
     1     0s    7500       0       0        0         0       0     0s     0s
repeat  t_sim  n_part  n_coag  n_emit n_dil_in n_dil_out   n_nuc t_wall  t_rem
     1    60s    7499      35       0        0         0       0     0s    14s
repeat  t_sim  n_part  n_coag  n_emit n_dil_in n_dil_out   n_nuc t_wall  t_rem
     1   120s    7496      16       0        0         0       0     0s    11s
repeat  t_sim  n_part  n_coag  n_emit n_dil_in n_dil_out   n_nuc t_wall  t_rem
     1   180s    7496       9       0        0         0       0     0s     9s
repeat  t_sim  n_part  n_coag  n_emit n_dil_in n_dil_out   n_nuc t_wall  t_rem
     1   240s    7495       7       0        0         0       0     1s    12s
repeat  t_sim  n_part  n_coag  n_emit n_dil_in n_dil_out   n_nuc t_wall  t_rem
     1   300s    7495       5       0        0         0       0     1s    11s
repeat  t_sim  n_part  n_coag  n_emit n_dil_in n_dil_out   n_nuc t_wall  t_rem
     1   360s    7494       6       0        0         0       0     1s    10s
repeat  t_sim  n_part  n_coag  n_emit n_dil_in n_dil_out   n_nuc t_wall  t_rem
     1   420s    7493       1       0        0         0       0     1s    11s
repeat  t_sim  n_part  n_coag  n_emit n_dil_in n_dil_out   n_nuc t_wall  t_rem
     1   480s    7492       6       0        0         0       0     2s    10s
repeat  t_sim  n_part  n_coag  n_emit n_dil_in n_dil_out   n_nuc t_wall  t_rem
     1   540s    7490       4       0        0         0       0     2s     9s
repeat  t_sim  n_part  n_coag  n_emit n_dil_in n_dil_out   n_nuc t_wall  t_rem
     1   600s    7488       4       0        0         0       0     2s    10s
repeat  t_sim  n_part  n_coag  n_emit n_dil_in n_dil_out   n_nuc t_wall  t_rem
     1   660s    7488       3       0        0         0       0     2s     9s
repeat  t_sim  n_part  n_coag  n_emit n_dil_in n_dil_out   n_nuc t_wall  t_rem
     1   720s    7487       3       0        0         0       0     2s     8s
repeat  t_sim  n_part  n_coag  n_emit n_dil_in n_dil_out   n_nuc t_wall  t_rem
     1   780s    7486       4       0        0         0       0     2s     8s
repeat  t_sim  n_part  n_coag  n_emit n_dil_in n_dil_out   n_nuc t_wall  t_rem
     1   840s    7485       2       0        0         0       0     2s     7s
repeat  t_sim  n_part  n_coag  n_emit n_dil_in n_dil_out   n_nuc t_wall  t_rem
     1   900s    7485       0       0        0         0       0     2s     7s
repeat  t_sim  n_part  n_coag  n_emit n_dil_in n_dil_out   n_nuc t_wall  t_rem
     1   960s    7483       3       0        0         0       0     3s     7s
repeat  t_sim  n_part  n_coag  n_emit n_dil_in n_dil_out   n_nuc t_wall  t_rem
     1  1020s    7483       2       0        0         0       0     3s     8s
repeat  t_sim  n_part  n_coag  n_emit n_dil_in n_dil_out   n_nuc t_wall  t_rem
     1  1080s    7483       0       0        0         0       0     4s    10s
repeat  t_sim  n_part  n_coag  n_emit n_dil_in n_dil_out   n_nuc t_wall  t_rem
     1  1140s    7482       4       0        0         0       0     5s    10s
repeat  t_sim  n_part  n_coag  n_emit n_dil_in n_dil_out   n_nuc t_wall  t_rem
     1  1200s    7481       5       0        0         0       0     5s     9s
repeat  t_sim  n_part  n_coag  n_emit n_dil_in n_dil_out   n_nuc t_wall  t_rem
     1  1260s    7481       1       0        0         0       0     5s    10s
repeat  t_sim  n_part  n_coag  n_emit n_dil_in n_dil_out   n_nuc t_wall  t_rem
     1  1320s    7480       3       0        0         0       0     5s     9s
repeat  t_sim  n_part  n_coag  n_emit n_dil_in n_dil_out   n_nuc t_wall  t_rem
     1  1380s    7479       4       0        0         0       0     6s     9s
repeat  t_sim  n_part  n_coag  n_emit n_dil_in n_dil_out   n_nuc t_wall  t_rem
     1  1440s    7479       2       0        0         0       0     6s     9s
repeat  t_sim  n_part  n_coag  n_emit n_dil_in n_dil_out   n_nuc t_wall  t_rem
     1  1500s    7478       3       0        0         0       0     6s     9s
repeat  t_sim  n_part  n_coag  n_emit n_dil_in n_dil_out   n_nuc t_wall  t_rem
     1  1560s    7477       2       0        0         0       0     7s     9s
repeat  t_sim  n_part  n_coag  n_emit n_dil_in n_dil_out   n_nuc t_wall  t_rem
     1  1620s    7477       1       0        0         0       0     7s     9s
repeat  t_sim  n_part  n_coag  n_emit n_dil_in n_dil_out   n_nuc t_wall  t_rem
     1  1680s    7477       3       0        0         0       0     8s     9s
repeat  t_sim  n_part  n_coag  n_emit n_dil_in n_dil_out   n_nuc t_wall  t_rem
     1  1740s    7477       0       0        0         0       0     9s     9s
repeat  t_sim  n_part  n_coag  n_emit n_dil_in n_dil_out   n_nuc t_wall  t_rem
     1  1800s    7476       1       0        0         0       0     9s     9s
repeat  t_sim  n_part  n_coag  n_emit n_dil_in n_dil_out   n_nuc t_wall  t_rem
     1  1860s    7475       2       0        0         0       0     9s     9s
repeat  t_sim  n_part  n_coag  n_emit n_dil_in n_dil_out   n_nuc t_wall  t_rem
     1  1920s    7474       1       0        0         0       0    10s     9s
repeat  t_sim  n_part  n_coag  n_emit n_dil_in n_dil_out   n_nuc t_wall  t_rem
     1  1980s    7473       3       0        0         0       0    10s     8s
repeat  t_sim  n_part  n_coag  n_emit n_dil_in n_dil_out   n_nuc t_wall  t_rem
     1  2040s    7473       6       0        0         0       0    10s     8s
repeat  t_sim  n_part  n_coag  n_emit n_dil_in n_dil_out   n_nuc t_wall  t_rem
     1  2100s    7473       2       0        0         0       0    11s     8s
repeat  t_sim  n_part  n_coag  n_emit n_dil_in n_dil_out   n_nuc t_wall  t_rem
     1  2160s    7473       0       0        0         0       0    11s     7s
repeat  t_sim  n_part  n_coag  n_emit n_dil_in n_dil_out   n_nuc t_wall  t_rem
     1  2220s    7470       7       0        0         0       0    11s     7s
repeat  t_sim  n_part  n_coag  n_emit n_dil_in n_dil_out   n_nuc t_wall  t_rem
     1  2280s    7470       2       0        0         0       0    11s     7s
repeat  t_sim  n_part  n_coag  n_emit n_dil_in n_dil_out   n_nuc t_wall  t_rem
     1  2340s    7470       0       0        0         0       0    13s     7s
repeat  t_sim  n_part  n_coag  n_emit n_dil_in n_dil_out   n_nuc t_wall  t_rem
     1  2400s    7470       2       0        0         0       0    13s     6s
repeat  t_sim  n_part  n_coag  n_emit n_dil_in n_dil_out   n_nuc t_wall  t_rem
     1  2460s    7469       2       0        0         0       0    13s     6s
repeat  t_sim  n_part  n_coag  n_emit n_dil_in n_dil_out   n_nuc t_wall  t_rem
     1  2520s    7469       4       0        0         0       0    13s     6s
repeat  t_sim  n_part  n_coag  n_emit n_dil_in n_dil_out   n_nuc t_wall  t_rem
     1  2580s    7469       1       0        0         0       0    14s     5s
repeat  t_sim  n_part  n_coag  n_emit n_dil_in n_dil_out   n_nuc t_wall  t_rem
     1  2640s    7469       1       0        0         0       0    14s     5s
repeat  t_sim  n_part  n_coag  n_emit n_dil_in n_dil_out   n_nuc t_wall  t_rem
     1  2700s    7469       2       0        0         0       0    14s     5s
repeat  t_sim  n_part  n_coag  n_emit n_dil_in n_dil_out   n_nuc t_wall  t_rem
     1  2760s    7469       2       0        0         0       0    15s     4s
repeat  t_sim  n_part  n_coag  n_emit n_dil_in n_dil_out   n_nuc t_wall  t_rem
     1  2820s    7469       3       0        0         0       0    15s     4s
repeat  t_sim  n_part  n_coag  n_emit n_dil_in n_dil_out   n_nuc t_wall  t_rem
     1  2880s    7468       4       0        0         0       0    15s     4s
repeat  t_sim  n_part  n_coag  n_emit n_dil_in n_dil_out   n_nuc t_wall  t_rem
     1  2940s    7465       3       0        0         0       0    15s     3s
repeat  t_sim  n_part  n_coag  n_emit n_dil_in n_dil_out   n_nuc t_wall  t_rem
     1  3000s    7465       2       0        0         0       0    15s     3s
repeat  t_sim  n_part  n_coag  n_emit n_dil_in n_dil_out   n_nuc t_wall  t_rem
     1  3060s    7465       3       0        0         0       0    15s     3s
repeat  t_sim  n_part  n_coag  n_emit n_dil_in n_dil_out   n_nuc t_wall  t_rem
     1  3120s    7464       4       0        0         0       0    16s     2s
repeat  t_sim  n_part  n_coag  n_emit n_dil_in n_dil_out   n_nuc t_wall  t_rem
     1  3180s    7463       1       0        0         0       0    16s     2s
repeat  t_sim  n_part  n_coag  n_emit n_dil_in n_dil_out   n_nuc t_wall  t_rem
     1  3240s    7462       1       0        0         0       0    16s     2s
repeat  t_sim  n_part  n_coag  n_emit n_dil_in n_dil_out   n_nuc t_wall  t_rem
     1  3300s    7461       3       0        0         0       0    17s     2s
repeat  t_sim  n_part  n_coag  n_emit n_dil_in n_dil_out   n_nuc t_wall  t_rem
     1  3360s    7459       6       0        0         0       0    17s     1s
repeat  t_sim  n_part  n_coag  n_emit n_dil_in n_dil_out   n_nuc t_wall  t_rem
     1  3420s    7459       3       0        0         0       0    17s     1s
repeat  t_sim  n_part  n_coag  n_emit n_dil_in n_dil_out   n_nuc t_wall  t_rem
     1  3480s    7459       2       0        0         0       0    17s     1s
repeat  t_sim  n_part  n_coag  n_emit n_dil_in n_dil_out   n_nuc t_wall  t_rem
     1  3540s    7458       5       0        0         0       0    18s     0s
repeat  t_sim  n_part  n_coag  n_emit n_dil_in n_dil_out   n_nuc t_wall  t_rem
     1  3600s    7457       7       0        0         0       0    18s     0s
