repeat  t_sim  n_part  n_coag  n_emit n_dil_in n_dil_out   n_nuc t_wall  t_rem
     1     0s    7500       0       0        0         0       0     0s     0s
repeat  t_sim  n_part  n_coag  n_emit n_dil_in n_dil_out   n_nuc t_wall  t_rem
     1    60s    7482     480       0        0         0       0     0s    10s
repeat  t_sim  n_part  n_coag  n_emit n_dil_in n_dil_out   n_nuc t_wall  t_rem
     1   120s    7472     228       0        0         0       0     0s     8s
repeat  t_sim  n_part  n_coag  n_emit n_dil_in n_dil_out   n_nuc t_wall  t_rem
     1   180s    7461     135       0        0         0       0     0s     8s
repeat  t_sim  n_part  n_coag  n_emit n_dil_in n_dil_out   n_nuc t_wall  t_rem
     1   240s    7457      90       0        0         0       0     1s     8s
repeat  t_sim  n_part  n_coag  n_emit n_dil_in n_dil_out   n_nuc t_wall  t_rem
     1   300s    7451      80       0        0         0       0     1s     7s
repeat  t_sim  n_part  n_coag  n_emit n_dil_in n_dil_out   n_nuc t_wall  t_rem
     1   360s    7447      64       0        0         0       0     1s     7s
repeat  t_sim  n_part  n_coag  n_emit n_dil_in n_dil_out   n_nuc t_wall  t_rem
     1   420s    7438      84       0        0         0       0     1s     7s
repeat  t_sim  n_part  n_coag  n_emit n_dil_in n_dil_out   n_nuc t_wall  t_rem
     1   480s    7430      62       0        0         0       0     1s     7s
repeat  t_sim  n_part  n_coag  n_emit n_dil_in n_dil_out   n_nuc t_wall  t_rem
     1   540s    7425      52       0        0         0       0     1s     7s
repeat  t_sim  n_part  n_coag  n_emit n_dil_in n_dil_out   n_nuc t_wall  t_rem
     1   600s    7417      66       0        0         0       0     1s     7s
repeat  t_sim  n_part  n_coag  n_emit n_dil_in n_dil_out   n_nuc t_wall  t_rem
     1   660s    7413      63       0        0         0       0     2s     9s
repeat  t_sim  n_part  n_coag  n_emit n_dil_in n_dil_out   n_nuc t_wall  t_rem
     1   720s    7406      71       0        0         0       0     3s    11s
repeat  t_sim  n_part  n_coag  n_emit n_dil_in n_dil_out   n_nuc t_wall  t_rem
     1   780s    7399      74       0        0         0       0     3s    10s
repeat  t_sim  n_part  n_coag  n_emit n_dil_in n_dil_out   n_nuc t_wall  t_rem
     1   840s    7395      66       0        0         0       0     3s    10s
repeat  t_sim  n_part  n_coag  n_emit n_dil_in n_dil_out   n_nuc t_wall  t_rem
     1   900s    7386      66       0        0         0       0     3s     9s
repeat  t_sim  n_part  n_coag  n_emit n_dil_in n_dil_out   n_nuc t_wall  t_rem
     1   960s    7381      65       0        0         0       0     3s     8s
repeat  t_sim  n_part  n_coag  n_emit n_dil_in n_dil_out   n_nuc t_wall  t_rem
     1  1020s    7378      49       0        0         0       0     4s     9s
repeat  t_sim  n_part  n_coag  n_emit n_dil_in n_dil_out   n_nuc t_wall  t_rem
     1  1080s    7370      67       0        0         0       0     4s     9s
repeat  t_sim  n_part  n_coag  n_emit n_dil_in n_dil_out   n_nuc t_wall  t_rem
     1  1140s    7361      56       0        0         0       0     5s    10s
repeat  t_sim  n_part  n_coag  n_emit n_dil_in n_dil_out   n_nuc t_wall  t_rem
     1  1200s    7357      72       0        0         0       0     5s     9s
repeat  t_sim  n_part  n_coag  n_emit n_dil_in n_dil_out   n_nuc t_wall  t_rem
     1  1260s    7348      55       0        0         0       0     5s    10s
repeat  t_sim  n_part  n_coag  n_emit n_dil_in n_dil_out   n_nuc t_wall  t_rem
     1  1320s    7338      72       0        0         0       0     5s     9s
repeat  t_sim  n_part  n_coag  n_emit n_dil_in n_dil_out   n_nuc t_wall  t_rem
     1  1380s    7334      50       0        0         0       0     6s     9s
repeat  t_sim  n_part  n_coag  n_emit n_dil_in n_dil_out   n_nuc t_wall  t_rem
     1  1440s    7327      56       0        0         0       0     6s     8s
repeat  t_sim  n_part  n_coag  n_emit n_dil_in n_dil_out   n_nuc t_wall  t_rem
     1  1500s    7326      55       0        0         0       0     6s     8s
repeat  t_sim  n_part  n_coag  n_emit n_dil_in n_dil_out   n_nuc t_wall  t_rem
     1  1560s    7318      65       0        0         0       0     6s     8s
repeat  t_sim  n_part  n_coag  n_emit n_dil_in n_dil_out   n_nuc t_wall  t_rem
     1  1620s    7312      67       0        0         0       0     7s     9s
repeat  t_sim  n_part  n_coag  n_emit n_dil_in n_dil_out   n_nuc t_wall  t_rem
     1  1680s    7306      66       0        0         0       0     7s     8s
repeat  t_sim  n_part  n_coag  n_emit n_dil_in n_dil_out   n_nuc t_wall  t_rem
     1  1740s    7300      65       0        0         0       0     7s     8s
repeat  t_sim  n_part  n_coag  n_emit n_dil_in n_dil_out   n_nuc t_wall  t_rem
     1  1800s    7294      53       0        0         0       0     7s     7s
repeat  t_sim  n_part  n_coag  n_emit n_dil_in n_dil_out   n_nuc t_wall  t_rem
     1  1860s    7290      55       0        0         0       0     7s     7s
repeat  t_sim  n_part  n_coag  n_emit n_dil_in n_dil_out   n_nuc t_wall  t_rem
     1  1920s    7282      79       0        0         0       0     7s     6s
repeat  t_sim  n_part  n_coag  n_emit n_dil_in n_dil_out   n_nuc t_wall  t_rem
     1  1980s    7273      63       0        0         0       0     7s     6s
repeat  t_sim  n_part  n_coag  n_emit n_dil_in n_dil_out   n_nuc t_wall  t_rem
     1  2040s    7267      64       0        0         0       0     8s     6s
repeat  t_sim  n_part  n_coag  n_emit n_dil_in n_dil_out   n_nuc t_wall  t_rem
     1  2100s    7258      67       0        0         0       0     8s     5s
repeat  t_sim  n_part  n_coag  n_emit n_dil_in n_dil_out   n_nuc t_wall  t_rem
     1  2160s    7255      56       0        0         0       0     8s     5s
repeat  t_sim  n_part  n_coag  n_emit n_dil_in n_dil_out   n_nuc t_wall  t_rem
     1  2220s    7251      67       0        0         0       0     8s     5s
repeat  t_sim  n_part  n_coag  n_emit n_dil_in n_dil_out   n_nuc t_wall  t_rem
     1  2280s    7247      48       0        0         0       0     8s     5s
repeat  t_sim  n_part  n_coag  n_emit n_dil_in n_dil_out   n_nuc t_wall  t_rem
     1  2340s    7242      58       0        0         0       0     8s     4s
repeat  t_sim  n_part  n_coag  n_emit n_dil_in n_dil_out   n_nuc t_wall  t_rem
     1  2400s    7236      54       0        0         0       0     8s     4s
repeat  t_sim  n_part  n_coag  n_emit n_dil_in n_dil_out   n_nuc t_wall  t_rem
     1  2460s    7229      64       0        0         0       0     8s     4s
repeat  t_sim  n_part  n_coag  n_emit n_dil_in n_dil_out   n_nuc t_wall  t_rem
     1  2520s    7218      59       0        0         0       0     8s     4s
repeat  t_sim  n_part  n_coag  n_emit n_dil_in n_dil_out   n_nuc t_wall  t_rem
     1  2580s    7216      59       0        0         0       0     9s     4s
repeat  t_sim  n_part  n_coag  n_emit n_dil_in n_dil_out   n_nuc t_wall  t_rem
     1  2640s    7209      64       0        0         0       0     9s     3s
repeat  t_sim  n_part  n_coag  n_emit n_dil_in n_dil_out   n_nuc t_wall  t_rem
     1  2700s    7198      73       0        0         0       0     9s     3s
repeat  t_sim  n_part  n_coag  n_emit n_dil_in n_dil_out   n_nuc t_wall  t_rem
     1  2760s    7194      64       0        0         0       0    10s     3s
repeat  t_sim  n_part  n_coag  n_emit n_dil_in n_dil_out   n_nuc t_wall  t_rem
     1  2820s    7188      59       0        0         0       0    10s     3s
repeat  t_sim  n_part  n_coag  n_emit n_dil_in n_dil_out   n_nuc t_wall  t_rem
     1  2880s    7184      51       0        0         0       0    10s     3s
repeat  t_sim  n_part  n_coag  n_emit n_dil_in n_dil_out   n_nuc t_wall  t_rem
     1  2940s    7176      52       0        0         0       0    10s     2s
repeat  t_sim  n_part  n_coag  n_emit n_dil_in n_dil_out   n_nuc t_wall  t_rem
     1  3000s    7172      58       0        0         0       0    11s     2s
repeat  t_sim  n_part  n_coag  n_emit n_dil_in n_dil_out   n_nuc t_wall  t_rem
     1  3060s    7166      61       0        0         0       0    11s     2s
repeat  t_sim  n_part  n_coag  n_emit n_dil_in n_dil_out   n_nuc t_wall  t_rem
     1  3120s    7160      67       0        0         0       0    12s     2s
repeat  t_sim  n_part  n_coag  n_emit n_dil_in n_dil_out   n_nuc t_wall  t_rem
     1  3180s    7154      59       0        0         0       0    12s     2s
repeat  t_sim  n_part  n_coag  n_emit n_dil_in n_dil_out   n_nuc t_wall  t_rem
     1  3240s    7149      66       0        0         0       0    13s     1s
repeat  t_sim  n_part  n_coag  n_emit n_dil_in n_dil_out   n_nuc t_wall  t_rem
     1  3300s    7145      64       0        0         0       0    13s     1s
repeat  t_sim  n_part  n_coag  n_emit n_dil_in n_dil_out   n_nuc t_wall  t_rem
     1  3360s    7139      51       0        0         0       0    13s     1s
repeat  t_sim  n_part  n_coag  n_emit n_dil_in n_dil_out   n_nuc t_wall  t_rem
     1  3420s    7134      54       0        0         0       0    14s     1s
repeat  t_sim  n_part  n_coag  n_emit n_dil_in n_dil_out   n_nuc t_wall  t_rem
     1  3480s    7131      68       0        0         0       0    14s     0s
repeat  t_sim  n_part  n_coag  n_emit n_dil_in n_dil_out   n_nuc t_wall  t_rem
     1  3540s    7127      64       0        0         0       0    14s     0s
repeat  t_sim  n_part  n_coag  n_emit n_dil_in n_dil_out   n_nuc t_wall  t_rem
     1  3600s    7124      44       0        0         0       0    15s     0s
